// Jest Snapshot v1, https://goo.gl/fbAQLP

exports[`contentTypesLite should match snapshot for the entire constants object 1`] = `
{
  "AVIF": "image/avif",
  "BZIP2": "application/x-bzip2",
  "CSS": "text/css",
  "CSV": "text/csv",
  "DOCX": "application/vnd.openxmlformats-officedocument.wordprocessingml.document",
  "EVENT_STREAM": "text/event-stream",
  "EXCEL": "application/vnd.ms-excel",
  "FORM_URLENCODED": "application/x-www-form-urlencoded",
  "GIF": "image/gif",
  "GZIP": "application/gzip",
  "HEIF": "image/heif",
  "HTML": "text/html",
  "JPEG": "image/jpeg",
  "JSON": "application/json",
  "MARKDOWN": "text/markdown",
  "MSGPACK": "application/x-msgpack",
  "MSWORD": "application/msword",
  "MULTIPART_ALTERNATIVE": "multipart/alternative",
  "MULTIPART_DIGEST": "multipart/digest",
  "MULTIPART_ENCRYPTED": "multipart/encrypted",
  "MULTIPART_FORM_DATA": "multipart/form-data",
  "MULTIPART_MIXED": "multipart/mixed",
  "MULTIPART_RELATED": "multipart/related",
  "MULTIPART_SIGNED": "multipart/signed",
  "NDJSON": "application/x-ndjson",
  "OCTET_STREAM": "application/octet-stream",
  "PDF": "application/pdf",
  "PLAIN_TEXT": "text/plain",
  "PNG": "image/png",
  "POWERPOINT": "application/vnd.ms-powerpoint",
  "PPTX": "application/vnd.openxmlformats-officedocument.presentationml.presentation",
  "PROTOBUF": "application/x-protobuf",
  "RICH_TEXT": "text/richtext",
  "SVG": "image/svg+xml",
  "TAR": "application/x-tar",
  "WEBP": "image/webp",
  "XLSX": "application/vnd.openxmlformats-officedocument.spreadsheetml.sheet",
  "XML": "text/xml",
  "XML_APP": "application/xml",
  "YAML": "application/x-yaml",
  "ZIP": "application/zip",
}
`;
